============================= test session starts =============================
platform win32 -- Python 3.14.0, pytest-9.0.2, pluggy-1.6.0 -- C:\Users\kssus\AppData\Local\Programs\Python\Python314\python.exe
cachedir: .pytest_cache
rootdir: D:\QuMail\backend
configfile: pyproject.toml
testpaths: tests
plugins: anyio-4.12.0, asyncio-1.3.0, cov-7.0.0
asyncio: mode=Mode.AUTO, debug=False, asyncio_default_fixture_loop_scope=None, asyncio_default_test_loop_scope=function
collecting ... collected 146 items / 1 error

=================================== ERRORS ====================================
__________________ ERROR collecting tests/test_chat_logic.py __________________
ImportError while importing test module 'D:\QuMail\backend\tests\test_chat_logic.py'.
Hint: make sure your test modules/packages have valid Python names.
Traceback:
C:\Users\kssus\AppData\Local\Programs\Python\Python314\Lib\importlib\__init__.py:88: in import_module
    return _bootstrap._gcd_import(name[level:], package, level)
           ^^^^^^^^^^^^^^^^^^^^^^^^^^^^^^^^^^^^^^^^^^^^^^^^^^^^
tests\test_chat_logic.py:4: in <module>
    from main import app
main.py:9: in <module>
    from api import auth, emails, security, accounts, settings, diagnostics
api\emails.py:14: in <module>
    from utils.sanitizer import sanitize_html
utils\sanitizer.py:1: in <module>
    import bleach
E   ModuleNotFoundError: No module named 'bleach'
=========================== short test summary info ===========================
ERROR tests/test_chat_logic.py
!!!!!!!!!!!!!!!!!!! Interrupted: 1 error during collection !!!!!!!!!!!!!!!!!!!!
============================== 1 error in 2.90s ===============================
